<?xml version="1.0" encoding="UTF-8"?>
<out>N10001,N10003,N10004,N10005,;N10006,;N10007,;N10008,;N10009,;N1000A,N1000B,N1000C,;N1000D,N1000E,N1000F,;N10010,;;N10011,;;N10012,;</out>