<?xml version="1.0" encoding="UTF-8"?>
<out>A B C D E default6</out>