<?xml version="1.0" encoding="UTF-8"?><out>
	<a href="http://www.example.com/lookup?C%3A%5Chome%5Cmhoyt%5Cmy%20r%C3%A9sum%C3%A9.doc">My Résumé</a>
</out>