<?xml version="1.0" encoding="UTF-8"?>
<out>,
<a> a</a><b>	b</b><c>&#13;c</c><d>
d</d></out>