<?xml version="1.1" encoding="UTF-8"?><out>&#8;&#31;</out>