<?xml version="1.0" encoding="utf-8" ?>
Longest speech is 26 lines.  
