<?xml version="1.0" encoding="iso-8859-1" ?>
<c>Copyright © Acme Widgets Limited</c>