<html><body>
<p>

<font face="arial">Early Music Review</font>
 said of his debut Wigmore concert with
Ensemble Sonnerie in 1998: "One of the finest concerts I have
ever heard ... a singer to watch out for". 
Other highlights include a
televised production of Bach's <i>St. Matthew Passion</i>

conducted by Jonathan Miller, in which he played
<u>Judas</u>
, an acclaimed performance of
<i>Winterreise</i>
 with Julius Drake in Leamington Hastings,
 
<i>Die Schöne Müllerin</i>
 last summer at St. John's Smith Square,
and in the same venue the Good Friday St John Passion, conducted
by Stephen Layton, broadcast on Radio Three. 
</p>

</body>
</html>
