
<html>
   <head>
      <meta http-equiv="Content-Type" content="text/html; charset=utf-8">
   
      <title>Song</title>
   </head>
   <body>
      
      <div align="right"><i>by </i>Rupert Brooke
      </div>
      
      
      <h1>Song</h1>
      
      <p>
         001&nbsp;&nbsp;
         And suddenly the wind comes soft,<br>
         002&nbsp;&nbsp;
         And Spring is here again;<br>
         003&nbsp;&nbsp;
         And the hawthorn quickens with buds of green<br>
         004&nbsp;&nbsp;
         And my heart with buds of pain.<br>
         
      </p>
      
      <p>
         005&nbsp;&nbsp;
         My heart all Winter lay so numb,<br>
         006&nbsp;&nbsp;
         The earth so dead and frore,<br>
         007&nbsp;&nbsp;
         That I never thought the Spring would come again<br>
         008&nbsp;&nbsp;
         Or my heart wake any more.<br>
         
      </p>
      
      <p>
         009&nbsp;&nbsp;
         But Winter's broken and earth has woken,<br>
         010&nbsp;&nbsp;
         And the small birds cry again;<br>
         011&nbsp;&nbsp;
         And the hawthorn hedge puts forth its buds,<br>
         012&nbsp;&nbsp;
         And my heart puts forth its pain.<br>
         
      </p>
      
   </body>
</html>