
<html>
   <body>
      <h1>Results of Group A</h1>
      <table cellpadding="5">
         <tr>
            <td>Team</td>
            <td>Played</td>
            <td>Won</td>
            <td>Drawn</td>
            <td>Lost</td>
            <td>For</td>
            <td>Against</td>
         </tr>
         <tr>
            <td>Brazil</td>
            <td>6</td>
            <td>6</td>
            <td>6</td>
            <td>6</td>
            <td>6</td>
            <td>3</td>
         </tr>
         <tr>
            <td>Scotland</td>
            <td>6</td>
            <td>6</td>
            <td>6</td>
            <td>6</td>
            <td>2</td>
            <td>6</td>
         </tr>
         <tr>
            <td>Morocco</td>
            <td>6</td>
            <td>6</td>
            <td>6</td>
            <td>6</td>
            <td>5</td>
            <td>5</td>
         </tr>
         <tr>
            <td>Norway</td>
            <td>6</td>
            <td>6</td>
            <td>6</td>
            <td>6</td>
            <td>5</td>
            <td>4</td>
         </tr>
      </table>
   </body>
</html>