<?xml version="1.0" encoding="UTF-8"?><out>
  NaNaaa
NaNbbb
NaNccc
NaNddd
NaNeee
NaNfff
NaNggg
NaNhhh
NaNiii
NaNjjj
NaNkkk
NaNlll
NaNmmm
NaNnnn
NaNooo
NaNppp
NaNqqq
NaNrrr
NaNsss
NaNttt
NaNuuu
NaNvvv
NaNwww
NaNxxx
NaNyyy
NaNaab
NaNbbb
NaNccb
NaNddb
NaNeeb
NaNffb
NaNggb
NaNhhb
NaNiib
NaNjjb
NaNkkb
NaNllb
NaNmmb
NaNnnb
NaNoob
NaNppb
NaNqqb
NaNrrb
NaNssb
NaNttb
NaNuub
NaNvvb
NaNwwb
NaNxxb
NaNyyb

</out>