<?xml version="1.0" encoding="UTF-8"?>
<root><data1 attr2="goodbye" attr1="hello"/><data2 attr2="hello" attr1="goodbye"/></root>