<?xml version="1.0" encoding="UTF-8"?>
<out xmlns:anamespace="foo.com">
<test xmlns="foo.com">
<inner xmlns=""/>
</test>
<later/>
<anamespace:anelement/>
</out>
