<?xml version="1.0" encoding="UTF-8"?>
<out xmlns="default.com"><inner xmlns:ns0="default.com" ns0:Attr0="true"/></out>