<?xml version="1.0" encoding="UTF-8"?>

<out xmlns:ped="www.test.com" xmlns="testguys.com"><inner xmlns="www.test.com"><yyy xmlns="testguys.com"/></inner></out>
