<?xml version="1.0" encoding="UTF-8"?>
<out xmlns:baz="xyz"><baz:foo xmlns:baz="abc"><baz:yyy xmlns:baz="xyz"/></baz:foo></out>