<?xml version="1.0" encoding="UTF-8"?>
<out xmlns="xyz"><foo xmlns="abc"><yyy xmlns="xyz"/></foo></out>