<?xml version="1.0" encoding="UTF-8"?>
<out><foo xmlns="test.com"><yyy xmlns:p2="barz.com"/></foo></out>
