<?xml version="1.0" encoding="UTF-8"?>
<out><wxyz:foo xmlns:wxyz="abc.com"><yyy xmlns="test.com"/></wxyz:foo></out>
