<?xml version="1.0" encoding="UTF-8"?><out>
      Sin value of zero is:
      0<br/>
      Sin value of nzero is:
      0<br/>
      Sin value of num1 is:
      0.9134133613412252<br/>
      Sin value of num2 is:
      -0.0012548460808847915<br/>
      Sin value of temp1 is:
      -0.6569865987187891<br/>
      Sin value of temp2 is:
      0.5440127201468784<br/>
      Sin value of rad1 is:
      0.8414709848078965<br/>
      Sin value of rad2 is:
      -0.13235175009777303<br/>
      Sin value of rad3 is:
      0.25030957884256927<br/>
      Sin value of rad4 is:
      -0.7758113701699153<br/>
      Sin value of input1 is:
      0.922283531483375<br/>
      Sin value of input2 is:
      NaN<br/>
      Sin value of input3 is:
      NaN</out>