<?xml version="1.0" encoding="UTF-8"?>
<out xmlns:ns1="ns1">ab
         c
                d
  </out>