#### PARENT from Ad, Reverse Axis:false
 65537: ELEMENT Document  Level=2 	Value=null
