#### SELF from Ad
 65558: ELEMENT Ad  Level=3 	Value=null
