#### FOLLOWINGSIBLING from A
 65554: ELEMENT Aa  Level=3 	Value=null
 65555: ELEMENT Ab  Level=3 	Value=null
 65556: ELEMENT Ac  Level=3 	Value=null
 65558: ELEMENT Ad  Level=3 	Value=null
