

99 bottles of beer on the wall,
99 bottles of beer,
You take one down, pass it around,
98.0 bottles of beer on the wall.

98.0 bottles of beer on the wall,
98.0 bottles of beer,
You take one down, pass it around,
97.0 bottles of beer on the wall.

97.0 bottles of beer on the wall,
97.0 bottles of beer,
You take one down, pass it around,
96.0 bottles of beer on the wall.

96.0 bottles of beer on the wall,
96.0 bottles of beer,
You take one down, pass it around,
95.0 bottles of beer on the wall.

95.0 bottles of beer on the wall,
95.0 bottles of beer,
You take one down, pass it around,
94.0 bottles of beer on the wall.

94.0 bottles of beer on the wall,
94.0 bottles of beer,
You take one down, pass it around,
93.0 bottles of beer on the wall.

93.0 bottles of beer on the wall,
93.0 bottles of beer,
You take one down, pass it around,
92.0 bottles of beer on the wall.

92.0 bottles of beer on the wall,
92.0 bottles of beer,
You take one down, pass it around,
91.0 bottles of beer on the wall.

91.0 bottles of beer on the wall,
91.0 bottles of beer,
You take one down, pass it around,
90.0 bottles of beer on the wall.

90.0 bottles of beer on the wall,
90.0 bottles of beer,
You take one down, pass it around,
89.0 bottles of beer on the wall.

89.0 bottles of beer on the wall,
89.0 bottles of beer,
You take one down, pass it around,
88.0 bottles of beer on the wall.

88.0 bottles of beer on the wall,
88.0 bottles of beer,
You take one down, pass it around,
87.0 bottles of beer on the wall.

87.0 bottles of beer on the wall,
87.0 bottles of beer,
You take one down, pass it around,
86.0 bottles of beer on the wall.

86.0 bottles of beer on the wall,
86.0 bottles of beer,
You take one down, pass it around,
85.0 bottles of beer on the wall.

85.0 bottles of beer on the wall,
85.0 bottles of beer,
You take one down, pass it around,
84.0 bottles of beer on the wall.

84.0 bottles of beer on the wall,
84.0 bottles of beer,
You take one down, pass it around,
83.0 bottles of beer on the wall.

83.0 bottles of beer on the wall,
83.0 bottles of beer,
You take one down, pass it around,
82.0 bottles of beer on the wall.

82.0 bottles of beer on the wall,
82.0 bottles of beer,
You take one down, pass it around,
81.0 bottles of beer on the wall.

81.0 bottles of beer on the wall,
81.0 bottles of beer,
You take one down, pass it around,
80.0 bottles of beer on the wall.

80.0 bottles of beer on the wall,
80.0 bottles of beer,
You take one down, pass it around,
79.0 bottles of beer on the wall.

79.0 bottles of beer on the wall,
79.0 bottles of beer,
You take one down, pass it around,
78.0 bottles of beer on the wall.

78.0 bottles of beer on the wall,
78.0 bottles of beer,
You take one down, pass it around,
77.0 bottles of beer on the wall.

77.0 bottles of beer on the wall,
77.0 bottles of beer,
You take one down, pass it around,
76.0 bottles of beer on the wall.

76.0 bottles of beer on the wall,
76.0 bottles of beer,
You take one down, pass it around,
75.0 bottles of beer on the wall.

75.0 bottles of beer on the wall,
75.0 bottles of beer,
You take one down, pass it around,
74.0 bottles of beer on the wall.

74.0 bottles of beer on the wall,
74.0 bottles of beer,
You take one down, pass it around,
73.0 bottles of beer on the wall.

73.0 bottles of beer on the wall,
73.0 bottles of beer,
You take one down, pass it around,
72.0 bottles of beer on the wall.

72.0 bottles of beer on the wall,
72.0 bottles of beer,
You take one down, pass it around,
71.0 bottles of beer on the wall.

71.0 bottles of beer on the wall,
71.0 bottles of beer,
You take one down, pass it around,
70.0 bottles of beer on the wall.

70.0 bottles of beer on the wall,
70.0 bottles of beer,
You take one down, pass it around,
69.0 bottles of beer on the wall.

69.0 bottles of beer on the wall,
69.0 bottles of beer,
You take one down, pass it around,
68.0 bottles of beer on the wall.

68.0 bottles of beer on the wall,
68.0 bottles of beer,
You take one down, pass it around,
67.0 bottles of beer on the wall.

67.0 bottles of beer on the wall,
67.0 bottles of beer,
You take one down, pass it around,
66.0 bottles of beer on the wall.

66.0 bottles of beer on the wall,
66.0 bottles of beer,
You take one down, pass it around,
65.0 bottles of beer on the wall.

65.0 bottles of beer on the wall,
65.0 bottles of beer,
You take one down, pass it around,
64.0 bottles of beer on the wall.

64.0 bottles of beer on the wall,
64.0 bottles of beer,
You take one down, pass it around,
63.0 bottles of beer on the wall.

63.0 bottles of beer on the wall,
63.0 bottles of beer,
You take one down, pass it around,
62.0 bottles of beer on the wall.

62.0 bottles of beer on the wall,
62.0 bottles of beer,
You take one down, pass it around,
61.0 bottles of beer on the wall.

61.0 bottles of beer on the wall,
61.0 bottles of beer,
You take one down, pass it around,
60.0 bottles of beer on the wall.

60.0 bottles of beer on the wall,
60.0 bottles of beer,
You take one down, pass it around,
59.0 bottles of beer on the wall.

59.0 bottles of beer on the wall,
59.0 bottles of beer,
You take one down, pass it around,
58.0 bottles of beer on the wall.

58.0 bottles of beer on the wall,
58.0 bottles of beer,
You take one down, pass it around,
57.0 bottles of beer on the wall.

57.0 bottles of beer on the wall,
57.0 bottles of beer,
You take one down, pass it around,
56.0 bottles of beer on the wall.

56.0 bottles of beer on the wall,
56.0 bottles of beer,
You take one down, pass it around,
55.0 bottles of beer on the wall.

55.0 bottles of beer on the wall,
55.0 bottles of beer,
You take one down, pass it around,
54.0 bottles of beer on the wall.

54.0 bottles of beer on the wall,
54.0 bottles of beer,
You take one down, pass it around,
53.0 bottles of beer on the wall.

53.0 bottles of beer on the wall,
53.0 bottles of beer,
You take one down, pass it around,
52.0 bottles of beer on the wall.

52.0 bottles of beer on the wall,
52.0 bottles of beer,
You take one down, pass it around,
51.0 bottles of beer on the wall.

51.0 bottles of beer on the wall,
51.0 bottles of beer,
You take one down, pass it around,
50.0 bottles of beer on the wall.

50.0 bottles of beer on the wall,
50.0 bottles of beer,
You take one down, pass it around,
49.0 bottles of beer on the wall.

49.0 bottles of beer on the wall,
49.0 bottles of beer,
You take one down, pass it around,
48.0 bottles of beer on the wall.

48.0 bottles of beer on the wall,
48.0 bottles of beer,
You take one down, pass it around,
47.0 bottles of beer on the wall.

47.0 bottles of beer on the wall,
47.0 bottles of beer,
You take one down, pass it around,
46.0 bottles of beer on the wall.

46.0 bottles of beer on the wall,
46.0 bottles of beer,
You take one down, pass it around,
45.0 bottles of beer on the wall.

45.0 bottles of beer on the wall,
45.0 bottles of beer,
You take one down, pass it around,
44.0 bottles of beer on the wall.

44.0 bottles of beer on the wall,
44.0 bottles of beer,
You take one down, pass it around,
43.0 bottles of beer on the wall.

43.0 bottles of beer on the wall,
43.0 bottles of beer,
You take one down, pass it around,
42.0 bottles of beer on the wall.

42.0 bottles of beer on the wall,
42.0 bottles of beer,
You take one down, pass it around,
41.0 bottles of beer on the wall.

41.0 bottles of beer on the wall,
41.0 bottles of beer,
You take one down, pass it around,
40.0 bottles of beer on the wall.

40.0 bottles of beer on the wall,
40.0 bottles of beer,
You take one down, pass it around,
39.0 bottles of beer on the wall.

39.0 bottles of beer on the wall,
39.0 bottles of beer,
You take one down, pass it around,
38.0 bottles of beer on the wall.

38.0 bottles of beer on the wall,
38.0 bottles of beer,
You take one down, pass it around,
37.0 bottles of beer on the wall.

37.0 bottles of beer on the wall,
37.0 bottles of beer,
You take one down, pass it around,
36.0 bottles of beer on the wall.

36.0 bottles of beer on the wall,
36.0 bottles of beer,
You take one down, pass it around,
35.0 bottles of beer on the wall.

35.0 bottles of beer on the wall,
35.0 bottles of beer,
You take one down, pass it around,
34.0 bottles of beer on the wall.

34.0 bottles of beer on the wall,
34.0 bottles of beer,
You take one down, pass it around,
33.0 bottles of beer on the wall.

33.0 bottles of beer on the wall,
33.0 bottles of beer,
You take one down, pass it around,
32.0 bottles of beer on the wall.

32.0 bottles of beer on the wall,
32.0 bottles of beer,
You take one down, pass it around,
31.0 bottles of beer on the wall.

31.0 bottles of beer on the wall,
31.0 bottles of beer,
You take one down, pass it around,
30.0 bottles of beer on the wall.

30.0 bottles of beer on the wall,
30.0 bottles of beer,
You take one down, pass it around,
29.0 bottles of beer on the wall.

29.0 bottles of beer on the wall,
29.0 bottles of beer,
You take one down, pass it around,
28.0 bottles of beer on the wall.

28.0 bottles of beer on the wall,
28.0 bottles of beer,
You take one down, pass it around,
27.0 bottles of beer on the wall.

27.0 bottles of beer on the wall,
27.0 bottles of beer,
You take one down, pass it around,
26.0 bottles of beer on the wall.

26.0 bottles of beer on the wall,
26.0 bottles of beer,
You take one down, pass it around,
25.0 bottles of beer on the wall.

25.0 bottles of beer on the wall,
25.0 bottles of beer,
You take one down, pass it around,
24.0 bottles of beer on the wall.

24.0 bottles of beer on the wall,
24.0 bottles of beer,
You take one down, pass it around,
23.0 bottles of beer on the wall.

23.0 bottles of beer on the wall,
23.0 bottles of beer,
You take one down, pass it around,
22.0 bottles of beer on the wall.

22.0 bottles of beer on the wall,
22.0 bottles of beer,
You take one down, pass it around,
21.0 bottles of beer on the wall.

21.0 bottles of beer on the wall,
21.0 bottles of beer,
You take one down, pass it around,
20.0 bottles of beer on the wall.

20.0 bottles of beer on the wall,
20.0 bottles of beer,
You take one down, pass it around,
19.0 bottles of beer on the wall.

19.0 bottles of beer on the wall,
19.0 bottles of beer,
You take one down, pass it around,
18.0 bottles of beer on the wall.

18.0 bottles of beer on the wall,
18.0 bottles of beer,
You take one down, pass it around,
17.0 bottles of beer on the wall.

17.0 bottles of beer on the wall,
17.0 bottles of beer,
You take one down, pass it around,
16.0 bottles of beer on the wall.

16.0 bottles of beer on the wall,
16.0 bottles of beer,
You take one down, pass it around,
15.0 bottles of beer on the wall.

15.0 bottles of beer on the wall,
15.0 bottles of beer,
You take one down, pass it around,
14.0 bottles of beer on the wall.

14.0 bottles of beer on the wall,
14.0 bottles of beer,
You take one down, pass it around,
13.0 bottles of beer on the wall.

13.0 bottles of beer on the wall,
13.0 bottles of beer,
You take one down, pass it around,
12.0 bottles of beer on the wall.

12.0 bottles of beer on the wall,
12.0 bottles of beer,
You take one down, pass it around,
11.0 bottles of beer on the wall.

11.0 bottles of beer on the wall,
11.0 bottles of beer,
You take one down, pass it around,
10.0 bottles of beer on the wall.

10.0 bottles of beer on the wall,
10.0 bottles of beer,
You take one down, pass it around,
9.0 bottles of beer on the wall.

9.0 bottles of beer on the wall,
9.0 bottles of beer,
You take one down, pass it around,
8.0 bottles of beer on the wall.

8.0 bottles of beer on the wall,
8.0 bottles of beer,
You take one down, pass it around,
7.0 bottles of beer on the wall.

7.0 bottles of beer on the wall,
7.0 bottles of beer,
You take one down, pass it around,
6.0 bottles of beer on the wall.

6.0 bottles of beer on the wall,
6.0 bottles of beer,
You take one down, pass it around,
5.0 bottles of beer on the wall.

5.0 bottles of beer on the wall,
5.0 bottles of beer,
You take one down, pass it around,
4.0 bottles of beer on the wall.

4.0 bottles of beer on the wall,
4.0 bottles of beer,
You take one down, pass it around,
3.0 bottles of beer on the wall.

3.0 bottles of beer on the wall,
3.0 bottles of beer,
You take one down, pass it around,
2.0 bottles of beer on the wall.

2.0 bottles of beer on the wall,
2.0 bottles of beer,
You take one down, pass it around,
1.0 bottle of beer on the wall.

1.0 bottle of beer on the wall,
1.0 bottle of beer,
You take one down, pass it around,
No more bottles of beer on the wall.

