<?xml version="1.0" encoding="UTF-8"?>
<out>
<test desc="selects -3">-3</test>
<test desc="selects NaN">NaN</test>
<test desc="selects NaN">NaN</test>
<test desc="selects 5">5</test>
<test desc="selects NaN">NaN</test>
<test desc="selects NaN">NaN</test>
</out>
