<?xml version="1.0" encoding="utf-8"?><out xmlns:common="http://exslt.org/common">11</out>