<?xml version="1.0" encoding="UTF-8"?>
<foo-out>
    Testing Redirect extension:
    <foobar-out>A foo subelement text node</foobar-out>
  </foo-out>