<?xml version="1.0" encoding="UTF-8"?><item-out><append>false</append><data>javaRedir2a-write1 append A</data></item-out><?xml version="1.0" encoding="UTF-8"?><item-out><append>true</append><data>javaRedir2a-write1 append B</data></item-out>