<?xml version="1.0" encoding="UTF-8"?>
<out>
  
    (B) aaa
    (C) bbb
    (D) ccc
    (E) ddd
    (F) eee
    (G) fff
    (H) ggg
    (I) hhh
    (J) iii
    (K) jjj
    (L) kkk
    (M) lll
    (N) mmm
    (O) nnn
    (P) ooo
    (Q) ppp
    (R) qqq
    (S) rrr
    (T) sss
    (U) ttt
    (V) uuu
  
  
    (B) ddd
    (C) eee
    (D) fff
  
</out>